
Memory Configuration

Name             Origin             Length             Attributes
flash            0x0000000000000000 0x0000000020000000 xr
sram             0x0000000020000000 0x0000000020000000 xrw
*default*        0x0000000000000000 0xffffffffffffffff

Linker script and memory map


.text           0x0000000000000000      0x178
 *(.vector)
 .vector        0x0000000000000000       0x58 startup.o
                0x0000000000000000                Arr_Ptr_Fun
 *(.text)
 .text          0x0000000000000058       0x90 main.o
                0x0000000000000058                main
 .text          0x00000000000000e8       0x90 startup.o
                0x00000000000000e8                _RESET_HANDLER_
                0x000000000000016c                _EXTI0_HANDLER_
                0x000000000000016c                _TAMPER_HANDLER_
                0x000000000000016c                _DEFAULT_HANDLER_
                0x000000000000016c                _DEBUG_MONITOR_HANDLER_
                0x000000000000016c                _BUS_FAULT_HANDLER_
                0x000000000000016c                _EXTI2_HANDLER_
                0x000000000000016c                _EXTI1_HANDLER_
                0x000000000000016c                _RESERVED_
                0x000000000000016c                _WWDG_HANDLER_
                0x000000000000016c                _RTC_HANDLER_
                0x000000000000016c                _RCC_HANDLER_
                0x000000000000016c                _SYSTICK_HANDLER_
                0x000000000000016c                _USAGE_FAULT_HANDLER_
                0x000000000000016c                _NMI_HANDLER_
                0x000000000000016c                _FLASH_HANDLER_
                0x000000000000016c                _PEND_SV_HANDLER_
                0x000000000000016c                _HARD_FAULT_HANDLER_
                0x000000000000016c                _MEM_MANAGE_HANDLER_
                0x000000000000016c                _SV_CALL_HANDLER_
                0x000000000000016c                _PVD_HANDLER_
 *(.rodata)
                0x0000000000000178                . = ALIGN (0x4)
                0x0000000000000178                _E_TXT_ = .

.glue_7         0x0000000000000178        0x0
 .glue_7        0x0000000000000178        0x0 linker stubs

.glue_7t        0x0000000000000178        0x0
 .glue_7t       0x0000000000000178        0x0 linker stubs

.vfp11_veneer   0x0000000000000178        0x0
 .vfp11_veneer  0x0000000000000178        0x0 linker stubs

.v4_bx          0x0000000000000178        0x0
 .v4_bx         0x0000000000000178        0x0 linker stubs

.iplt           0x0000000000000178        0x0
 .iplt          0x0000000000000178        0x0 main.o

.rel.dyn        0x0000000000000178        0x0
 .rel.iplt      0x0000000000000178        0x0 main.o

.data           0x0000000020000000        0xc load address 0x0000000000000178
                0x0000000020000000                _S_DATA_ = .
 *(.data)
 .data          0x0000000020000000        0xc main.o
                0x0000000020000000                PORT_F_DIR_R
                0x0000000020000004                PORT_F_DEN_R
                0x0000000020000008                PORT_F_DATA_R
 .data          0x000000002000000c        0x0 startup.o
                0x000000002000000c                . = ALIGN (0x4)
                0x000000002000000c                _E_DATA_ = .

.igot.plt       0x000000002000000c        0x0 load address 0x0000000000000184
 .igot.plt      0x000000002000000c        0x0 main.o

.bss            0x000000002000000c      0x400 load address 0x0000000000000184
                0x000000002000000c                _S_BSS_ = .
 *(.bss)
 .bss           0x000000002000000c        0x0 main.o
 .bss           0x000000002000000c      0x400 startup.o
                0x000000002000000c                Stack
                0x000000002000040c                . = ALIGN (0x4)
                0x000000002000040c                _E_BSS_ = .
LOAD main.o
LOAD startup.o
OUTPUT(LAB3.elf elf32-littlearm)

.debug_info     0x0000000000000000      0x9b5
 .debug_info    0x0000000000000000      0x7f2 main.o
 .debug_info    0x00000000000007f2      0x1c3 startup.o

.debug_abbrev   0x0000000000000000      0x193
 .debug_abbrev  0x0000000000000000       0xb9 main.o
 .debug_abbrev  0x00000000000000b9       0xda startup.o

.debug_loc      0x0000000000000000       0xb4
 .debug_loc     0x0000000000000000       0x38 main.o
 .debug_loc     0x0000000000000038       0x7c startup.o

.debug_aranges  0x0000000000000000       0x40
 .debug_aranges
                0x0000000000000000       0x20 main.o
 .debug_aranges
                0x0000000000000020       0x20 startup.o

.debug_line     0x0000000000000000       0xf4
 .debug_line    0x0000000000000000       0x78 main.o
 .debug_line    0x0000000000000078       0x7c startup.o

.debug_str      0x0000000000000000      0x63c
 .debug_str     0x0000000000000000      0x58d main.o
                                        0x5e9 (size before relaxing)
 .debug_str     0x000000000000058d       0xaf startup.o
                                        0x1cf (size before relaxing)

.comment        0x0000000000000000       0x7b
 .comment       0x0000000000000000       0x7b main.o
                                         0x7c (size before relaxing)
 .comment       0x000000000000007b       0x7c startup.o

.ARM.attributes
                0x0000000000000000       0x33
 .ARM.attributes
                0x0000000000000000       0x33 main.o
 .ARM.attributes
                0x0000000000000033       0x33 startup.o

.debug_frame    0x0000000000000000       0x7c
 .debug_frame   0x0000000000000000       0x2c main.o
 .debug_frame   0x000000000000002c       0x50 startup.o
