Archive member included to satisfy reference by file (symbol)

c:/st/stm32cubeide_1.4.0/stm32cubeide/plugins/com.st.stm32cube.ide.mcu.externaltools.gnu-tools-for-stm32.7-2018-q2-update.win32_1.4.0.202007081208/tools/bin/../lib/gcc/arm-none-eabi/7.3.1/../../../../arm-none-eabi/lib/thumb/v7-m\libc_nano.a(lib_a-errno.o)
                              Src/syscalls.o (__errno)
c:/st/stm32cubeide_1.4.0/stm32cubeide/plugins/com.st.stm32cube.ide.mcu.externaltools.gnu-tools-for-stm32.7-2018-q2-update.win32_1.4.0.202007081208/tools/bin/../lib/gcc/arm-none-eabi/7.3.1/../../../../arm-none-eabi/lib/thumb/v7-m\libc_nano.a(lib_a-exit.o)
                              c:/st/stm32cubeide_1.4.0/stm32cubeide/plugins/com.st.stm32cube.ide.mcu.externaltools.gnu-tools-for-stm32.7-2018-q2-update.win32_1.4.0.202007081208/tools/bin/../lib/gcc/arm-none-eabi/7.3.1/../../../../arm-none-eabi/lib/thumb/v7-m/crt0.o (exit)
c:/st/stm32cubeide_1.4.0/stm32cubeide/plugins/com.st.stm32cube.ide.mcu.externaltools.gnu-tools-for-stm32.7-2018-q2-update.win32_1.4.0.202007081208/tools/bin/../lib/gcc/arm-none-eabi/7.3.1/../../../../arm-none-eabi/lib/thumb/v7-m\libc_nano.a(lib_a-impure.o)
                              c:/st/stm32cubeide_1.4.0/stm32cubeide/plugins/com.st.stm32cube.ide.mcu.externaltools.gnu-tools-for-stm32.7-2018-q2-update.win32_1.4.0.202007081208/tools/bin/../lib/gcc/arm-none-eabi/7.3.1/../../../../arm-none-eabi/lib/thumb/v7-m\libc_nano.a(lib_a-exit.o) (_global_impure_ptr)
c:/st/stm32cubeide_1.4.0/stm32cubeide/plugins/com.st.stm32cube.ide.mcu.externaltools.gnu-tools-for-stm32.7-2018-q2-update.win32_1.4.0.202007081208/tools/bin/../lib/gcc/arm-none-eabi/7.3.1/../../../../arm-none-eabi/lib/thumb/v7-m\libc_nano.a(lib_a-init.o)
                              c:/st/stm32cubeide_1.4.0/stm32cubeide/plugins/com.st.stm32cube.ide.mcu.externaltools.gnu-tools-for-stm32.7-2018-q2-update.win32_1.4.0.202007081208/tools/bin/../lib/gcc/arm-none-eabi/7.3.1/../../../../arm-none-eabi/lib/thumb/v7-m/crt0.o (__libc_init_array)
c:/st/stm32cubeide_1.4.0/stm32cubeide/plugins/com.st.stm32cube.ide.mcu.externaltools.gnu-tools-for-stm32.7-2018-q2-update.win32_1.4.0.202007081208/tools/bin/../lib/gcc/arm-none-eabi/7.3.1/../../../../arm-none-eabi/lib/thumb/v7-m\libc_nano.a(lib_a-memset.o)
                              c:/st/stm32cubeide_1.4.0/stm32cubeide/plugins/com.st.stm32cube.ide.mcu.externaltools.gnu-tools-for-stm32.7-2018-q2-update.win32_1.4.0.202007081208/tools/bin/../lib/gcc/arm-none-eabi/7.3.1/../../../../arm-none-eabi/lib/thumb/v7-m/crt0.o (memset)

Allocating common symbols
Common symbol       size              file

Global_USARTx_Config
                    0x4               STM32F103C6x COTS/DRIVERS/UART/UART.o
payload             0x1               Src/main.o
gp_EXTI_IRQ_CALLBACK
                    0x3c              STM32F103C6x COTS/DRIVERS/EXTI/EXTI.o

Discarded input sections

 .text          0x0000000000000000        0x0 c:/st/stm32cubeide_1.4.0/stm32cubeide/plugins/com.st.stm32cube.ide.mcu.externaltools.gnu-tools-for-stm32.7-2018-q2-update.win32_1.4.0.202007081208/tools/bin/../lib/gcc/arm-none-eabi/7.3.1/thumb/v7-m/crti.o
 .data          0x0000000000000000        0x0 c:/st/stm32cubeide_1.4.0/stm32cubeide/plugins/com.st.stm32cube.ide.mcu.externaltools.gnu-tools-for-stm32.7-2018-q2-update.win32_1.4.0.202007081208/tools/bin/../lib/gcc/arm-none-eabi/7.3.1/thumb/v7-m/crti.o
 .bss           0x0000000000000000        0x0 c:/st/stm32cubeide_1.4.0/stm32cubeide/plugins/com.st.stm32cube.ide.mcu.externaltools.gnu-tools-for-stm32.7-2018-q2-update.win32_1.4.0.202007081208/tools/bin/../lib/gcc/arm-none-eabi/7.3.1/thumb/v7-m/crti.o
 .data          0x0000000000000000        0x4 c:/st/stm32cubeide_1.4.0/stm32cubeide/plugins/com.st.stm32cube.ide.mcu.externaltools.gnu-tools-for-stm32.7-2018-q2-update.win32_1.4.0.202007081208/tools/bin/../lib/gcc/arm-none-eabi/7.3.1/thumb/v7-m/crtbegin.o
 .text          0x0000000000000000       0x74 c:/st/stm32cubeide_1.4.0/stm32cubeide/plugins/com.st.stm32cube.ide.mcu.externaltools.gnu-tools-for-stm32.7-2018-q2-update.win32_1.4.0.202007081208/tools/bin/../lib/gcc/arm-none-eabi/7.3.1/../../../../arm-none-eabi/lib/thumb/v7-m/crt0.o
 .data          0x0000000000000000        0x0 c:/st/stm32cubeide_1.4.0/stm32cubeide/plugins/com.st.stm32cube.ide.mcu.externaltools.gnu-tools-for-stm32.7-2018-q2-update.win32_1.4.0.202007081208/tools/bin/../lib/gcc/arm-none-eabi/7.3.1/../../../../arm-none-eabi/lib/thumb/v7-m/crt0.o
 .bss           0x0000000000000000        0x0 c:/st/stm32cubeide_1.4.0/stm32cubeide/plugins/com.st.stm32cube.ide.mcu.externaltools.gnu-tools-for-stm32.7-2018-q2-update.win32_1.4.0.202007081208/tools/bin/../lib/gcc/arm-none-eabi/7.3.1/../../../../arm-none-eabi/lib/thumb/v7-m/crt0.o
 .ARM.extab     0x0000000000000000        0x0 c:/st/stm32cubeide_1.4.0/stm32cubeide/plugins/com.st.stm32cube.ide.mcu.externaltools.gnu-tools-for-stm32.7-2018-q2-update.win32_1.4.0.202007081208/tools/bin/../lib/gcc/arm-none-eabi/7.3.1/../../../../arm-none-eabi/lib/thumb/v7-m/crt0.o
 .ARM.exidx     0x0000000000000000        0x8 c:/st/stm32cubeide_1.4.0/stm32cubeide/plugins/com.st.stm32cube.ide.mcu.externaltools.gnu-tools-for-stm32.7-2018-q2-update.win32_1.4.0.202007081208/tools/bin/../lib/gcc/arm-none-eabi/7.3.1/../../../../arm-none-eabi/lib/thumb/v7-m/crt0.o
 .ARM.attributes
                0x0000000000000000       0x1b c:/st/stm32cubeide_1.4.0/stm32cubeide/plugins/com.st.stm32cube.ide.mcu.externaltools.gnu-tools-for-stm32.7-2018-q2-update.win32_1.4.0.202007081208/tools/bin/../lib/gcc/arm-none-eabi/7.3.1/../../../../arm-none-eabi/lib/thumb/v7-m/crt0.o
 .group         0x0000000000000000        0xc STM32F103C6x COTS/DRIVERS/EXTI/EXTI.o
 .group         0x0000000000000000        0xc STM32F103C6x COTS/DRIVERS/EXTI/EXTI.o
 .group         0x0000000000000000        0xc STM32F103C6x COTS/DRIVERS/EXTI/EXTI.o
 .group         0x0000000000000000        0xc STM32F103C6x COTS/DRIVERS/EXTI/EXTI.o
 .group         0x0000000000000000        0xc STM32F103C6x COTS/DRIVERS/EXTI/EXTI.o
 .group         0x0000000000000000        0xc STM32F103C6x COTS/DRIVERS/EXTI/EXTI.o
 .group         0x0000000000000000        0xc STM32F103C6x COTS/DRIVERS/EXTI/EXTI.o
 .group         0x0000000000000000        0xc STM32F103C6x COTS/DRIVERS/EXTI/EXTI.o
 .group         0x0000000000000000        0xc STM32F103C6x COTS/DRIVERS/EXTI/EXTI.o
 .group         0x0000000000000000        0xc STM32F103C6x COTS/DRIVERS/EXTI/EXTI.o
 .group         0x0000000000000000        0xc STM32F103C6x COTS/DRIVERS/EXTI/EXTI.o
 .text          0x0000000000000000        0x0 STM32F103C6x COTS/DRIVERS/EXTI/EXTI.o
 .data          0x0000000000000000        0x0 STM32F103C6x COTS/DRIVERS/EXTI/EXTI.o
 .bss           0x0000000000000000        0x0 STM32F103C6x COTS/DRIVERS/EXTI/EXTI.o
 .text.NVIC_ENABLE
                0x0000000000000000       0xc8 STM32F103C6x COTS/DRIVERS/EXTI/EXTI.o
 .text.NVIC_DISABLE
                0x0000000000000000       0xc8 STM32F103C6x COTS/DRIVERS/EXTI/EXTI.o
 .text.Update_EXTI
                0x0000000000000000      0x1d4 STM32F103C6x COTS/DRIVERS/EXTI/EXTI.o
 .text.MCAL_vid_EXTI_GPIO_INIT
                0x0000000000000000       0x16 STM32F103C6x COTS/DRIVERS/EXTI/EXTI.o
 .text.MCAL_vid_EXTI_GPIO_DEINIT
                0x0000000000000000       0x90 STM32F103C6x COTS/DRIVERS/EXTI/EXTI.o
 .text.MCAL_vid_EXTI_GPIO_UPDATE
                0x0000000000000000       0x16 STM32F103C6x COTS/DRIVERS/EXTI/EXTI.o
 .text.EXTI5_9_IRQHandler
                0x0000000000000000       0xb8 STM32F103C6x COTS/DRIVERS/EXTI/EXTI.o
 .text.EXTI10_15_IRQHandler
                0x0000000000000000       0xdc STM32F103C6x COTS/DRIVERS/EXTI/EXTI.o
 .group         0x0000000000000000        0xc STM32F103C6x COTS/DRIVERS/GPIO/GPIO.o
 .group         0x0000000000000000        0xc STM32F103C6x COTS/DRIVERS/GPIO/GPIO.o
 .group         0x0000000000000000        0xc STM32F103C6x COTS/DRIVERS/GPIO/GPIO.o
 .group         0x0000000000000000        0xc STM32F103C6x COTS/DRIVERS/GPIO/GPIO.o
 .group         0x0000000000000000        0xc STM32F103C6x COTS/DRIVERS/GPIO/GPIO.o
 .group         0x0000000000000000        0xc STM32F103C6x COTS/DRIVERS/GPIO/GPIO.o
 .group         0x0000000000000000        0xc STM32F103C6x COTS/DRIVERS/GPIO/GPIO.o
 .group         0x0000000000000000        0xc STM32F103C6x COTS/DRIVERS/GPIO/GPIO.o
 .group         0x0000000000000000        0xc STM32F103C6x COTS/DRIVERS/GPIO/GPIO.o
 .group         0x0000000000000000        0xc STM32F103C6x COTS/DRIVERS/GPIO/GPIO.o
 .text          0x0000000000000000        0x0 STM32F103C6x COTS/DRIVERS/GPIO/GPIO.o
 .data          0x0000000000000000        0x0 STM32F103C6x COTS/DRIVERS/GPIO/GPIO.o
 .bss           0x0000000000000000        0x0 STM32F103C6x COTS/DRIVERS/GPIO/GPIO.o
 .text.MCAL_vid_GPIO_RESET
                0x0000000000000000       0x7c STM32F103C6x COTS/DRIVERS/GPIO/GPIO.o
 .text.MCAL_vid_WRITE_PIN
                0x0000000000000000       0x78 STM32F103C6x COTS/DRIVERS/GPIO/GPIO.o
 .text.MCAL_vid_WRITE_PORT
                0x0000000000000000       0x60 STM32F103C6x COTS/DRIVERS/GPIO/GPIO.o
 .text.MCAL_uint8_GPIO_READ_PIN
                0x0000000000000000       0x60 STM32F103C6x COTS/DRIVERS/GPIO/GPIO.o
 .text.MCAL_vid_TOGGLE_PIN
                0x0000000000000000       0x58 STM32F103C6x COTS/DRIVERS/GPIO/GPIO.o
 .debug_macro   0x0000000000000000      0xa60 STM32F103C6x COTS/DRIVERS/GPIO/GPIO.o
 .debug_macro   0x0000000000000000       0x22 STM32F103C6x COTS/DRIVERS/GPIO/GPIO.o
 .debug_macro   0x0000000000000000       0x8e STM32F103C6x COTS/DRIVERS/GPIO/GPIO.o
 .debug_macro   0x0000000000000000       0x51 STM32F103C6x COTS/DRIVERS/GPIO/GPIO.o
 .debug_macro   0x0000000000000000       0xef STM32F103C6x COTS/DRIVERS/GPIO/GPIO.o
 .debug_macro   0x0000000000000000       0x6a STM32F103C6x COTS/DRIVERS/GPIO/GPIO.o
 .debug_macro   0x0000000000000000      0x1df STM32F103C6x COTS/DRIVERS/GPIO/GPIO.o
 .debug_macro   0x0000000000000000       0x22 STM32F103C6x COTS/DRIVERS/GPIO/GPIO.o
 .debug_macro   0x0000000000000000       0xac STM32F103C6x COTS/DRIVERS/GPIO/GPIO.o
 .group         0x0000000000000000        0xc STM32F103C6x COTS/DRIVERS/RCC/RCC.o
 .group         0x0000000000000000        0xc STM32F103C6x COTS/DRIVERS/RCC/RCC.o
 .group         0x0000000000000000        0xc STM32F103C6x COTS/DRIVERS/RCC/RCC.o
 .group         0x0000000000000000        0xc STM32F103C6x COTS/DRIVERS/RCC/RCC.o
 .group         0x0000000000000000        0xc STM32F103C6x COTS/DRIVERS/RCC/RCC.o
 .group         0x0000000000000000        0xc STM32F103C6x COTS/DRIVERS/RCC/RCC.o
 .group         0x0000000000000000        0xc STM32F103C6x COTS/DRIVERS/RCC/RCC.o
 .group         0x0000000000000000        0xc STM32F103C6x COTS/DRIVERS/RCC/RCC.o
 .group         0x0000000000000000        0xc STM32F103C6x COTS/DRIVERS/RCC/RCC.o
 .group         0x0000000000000000        0xc STM32F103C6x COTS/DRIVERS/RCC/RCC.o
 .text          0x0000000000000000        0x0 STM32F103C6x COTS/DRIVERS/RCC/RCC.o
 .data          0x0000000000000000        0x0 STM32F103C6x COTS/DRIVERS/RCC/RCC.o
 .bss           0x0000000000000000        0x0 STM32F103C6x COTS/DRIVERS/RCC/RCC.o
 .text.RCC_vidEnablePeripheralClock
                0x0000000000000000       0x78 STM32F103C6x COTS/DRIVERS/RCC/RCC.o
 .text.RCC_vidDisablePeripheralClock
                0x0000000000000000       0x80 STM32F103C6x COTS/DRIVERS/RCC/RCC.o
 .debug_macro   0x0000000000000000      0xa60 STM32F103C6x COTS/DRIVERS/RCC/RCC.o
 .debug_macro   0x0000000000000000       0x22 STM32F103C6x COTS/DRIVERS/RCC/RCC.o
 .debug_macro   0x0000000000000000       0x8e STM32F103C6x COTS/DRIVERS/RCC/RCC.o
 .debug_macro   0x0000000000000000       0x51 STM32F103C6x COTS/DRIVERS/RCC/RCC.o
 .debug_macro   0x0000000000000000       0xef STM32F103C6x COTS/DRIVERS/RCC/RCC.o
 .debug_macro   0x0000000000000000       0x6a STM32F103C6x COTS/DRIVERS/RCC/RCC.o
 .debug_macro   0x0000000000000000      0x1df STM32F103C6x COTS/DRIVERS/RCC/RCC.o
 .debug_macro   0x0000000000000000       0x22 STM32F103C6x COTS/DRIVERS/RCC/RCC.o
 .debug_macro   0x0000000000000000      0x208 STM32F103C6x COTS/DRIVERS/RCC/RCC.o
 .group         0x0000000000000000        0xc STM32F103C6x COTS/DRIVERS/UART/UART.o
 .group         0x0000000000000000        0xc STM32F103C6x COTS/DRIVERS/UART/UART.o
 .group         0x0000000000000000        0xc STM32F103C6x COTS/DRIVERS/UART/UART.o
 .group         0x0000000000000000        0xc STM32F103C6x COTS/DRIVERS/UART/UART.o
 .group         0x0000000000000000        0xc STM32F103C6x COTS/DRIVERS/UART/UART.o
 .group         0x0000000000000000        0xc STM32F103C6x COTS/DRIVERS/UART/UART.o
 .group         0x0000000000000000        0xc STM32F103C6x COTS/DRIVERS/UART/UART.o
 .group         0x0000000000000000        0xc STM32F103C6x COTS/DRIVERS/UART/UART.o
 .group         0x0000000000000000        0xc STM32F103C6x COTS/DRIVERS/UART/UART.o
 .group         0x0000000000000000        0xc STM32F103C6x COTS/DRIVERS/UART/UART.o
 .group         0x0000000000000000        0xc STM32F103C6x COTS/DRIVERS/UART/UART.o
 .group         0x0000000000000000        0xc STM32F103C6x COTS/DRIVERS/UART/UART.o
 .text          0x0000000000000000        0x0 STM32F103C6x COTS/DRIVERS/UART/UART.o
 .data          0x0000000000000000        0x0 STM32F103C6x COTS/DRIVERS/UART/UART.o
 .bss           0x0000000000000000        0x0 STM32F103C6x COTS/DRIVERS/UART/UART.o
 .text.MCAL_UART_DEINIT
                0x0000000000000000       0x8c STM32F103C6x COTS/DRIVERS/UART/UART.o
 .text.MCAL_UART_WAIT_TxCOMPLETE
                0x0000000000000000       0x22 STM32F103C6x COTS/DRIVERS/UART/UART.o
 .debug_macro   0x0000000000000000      0xa60 STM32F103C6x COTS/DRIVERS/UART/UART.o
 .debug_macro   0x0000000000000000       0x22 STM32F103C6x COTS/DRIVERS/UART/UART.o
 .debug_macro   0x0000000000000000       0x8e STM32F103C6x COTS/DRIVERS/UART/UART.o
 .debug_macro   0x0000000000000000       0x51 STM32F103C6x COTS/DRIVERS/UART/UART.o
 .debug_macro   0x0000000000000000       0xef STM32F103C6x COTS/DRIVERS/UART/UART.o
 .debug_macro   0x0000000000000000       0x6a STM32F103C6x COTS/DRIVERS/UART/UART.o
 .debug_macro   0x0000000000000000      0x1df STM32F103C6x COTS/DRIVERS/UART/UART.o
 .debug_macro   0x0000000000000000       0x22 STM32F103C6x COTS/DRIVERS/UART/UART.o
 .debug_macro   0x0000000000000000      0x208 STM32F103C6x COTS/DRIVERS/UART/UART.o
 .debug_macro   0x0000000000000000       0xac STM32F103C6x COTS/DRIVERS/UART/UART.o
 .debug_macro   0x0000000000000000       0x28 STM32F103C6x COTS/DRIVERS/UART/UART.o
 .group         0x0000000000000000        0xc Src/main.o
 .group         0x0000000000000000        0xc Src/main.o
 .group         0x0000000000000000        0xc Src/main.o
 .group         0x0000000000000000        0xc Src/main.o
 .group         0x0000000000000000        0xc Src/main.o
 .group         0x0000000000000000        0xc Src/main.o
 .group         0x0000000000000000        0xc Src/main.o
 .group         0x0000000000000000        0xc Src/main.o
 .group         0x0000000000000000        0xc Src/main.o
 .group         0x0000000000000000        0xc Src/main.o
 .group         0x0000000000000000        0xc Src/main.o
 .group         0x0000000000000000        0xc Src/main.o
 .group         0x0000000000000000        0xc Src/main.o
 .group         0x0000000000000000        0xc Src/main.o
 .group         0x0000000000000000        0xc Src/main.o
 .group         0x0000000000000000        0xc Src/main.o
 .group         0x0000000000000000        0xc Src/main.o
 .group         0x0000000000000000        0xc Src/main.o
 .group         0x0000000000000000        0xc Src/main.o
 .group         0x0000000000000000        0xc Src/main.o
 .group         0x0000000000000000        0xc Src/main.o
 .group         0x0000000000000000        0xc Src/main.o
 .group         0x0000000000000000        0xc Src/main.o
 .group         0x0000000000000000        0xc Src/main.o
 .group         0x0000000000000000        0xc Src/main.o
 .group         0x0000000000000000        0xc Src/main.o
 .group         0x0000000000000000        0xc Src/main.o
 .group         0x0000000000000000        0xc Src/main.o
 .text          0x0000000000000000        0x0 Src/main.o
 .data          0x0000000000000000        0x0 Src/main.o
 .bss           0x0000000000000000        0x0 Src/main.o
 .debug_macro   0x0000000000000000      0xa60 Src/main.o
 .debug_macro   0x0000000000000000       0x22 Src/main.o
 .debug_macro   0x0000000000000000       0x8e Src/main.o
 .debug_macro   0x0000000000000000       0x51 Src/main.o
 .debug_macro   0x0000000000000000       0xef Src/main.o
 .debug_macro   0x0000000000000000       0x6a Src/main.o
 .debug_macro   0x0000000000000000      0x1df Src/main.o
 .debug_macro   0x0000000000000000       0x22 Src/main.o
 .debug_macro   0x0000000000000000      0x208 Src/main.o
 .debug_macro   0x0000000000000000       0xac Src/main.o
 .debug_macro   0x0000000000000000      0x242 Src/main.o
 .debug_macro   0x0000000000000000       0x28 Src/main.o
 .debug_macro   0x0000000000000000       0xe8 Src/main.o
 .group         0x0000000000000000        0xc Src/syscalls.o
 .group         0x0000000000000000        0xc Src/syscalls.o
 .group         0x0000000000000000        0xc Src/syscalls.o
 .group         0x0000000000000000        0xc Src/syscalls.o
 .group         0x0000000000000000        0xc Src/syscalls.o
 .group         0x0000000000000000        0xc Src/syscalls.o
 .group         0x0000000000000000        0xc Src/syscalls.o
 .group         0x0000000000000000        0xc Src/syscalls.o
 .group         0x0000000000000000        0xc Src/syscalls.o
 .group         0x0000000000000000        0xc Src/syscalls.o
 .group         0x0000000000000000        0xc Src/syscalls.o
 .group         0x0000000000000000        0xc Src/syscalls.o
 .group         0x0000000000000000        0xc Src/syscalls.o
 .group         0x0000000000000000        0xc Src/syscalls.o
 .group         0x0000000000000000        0xc Src/syscalls.o
 .group         0x0000000000000000        0xc Src/syscalls.o
 .group         0x0000000000000000        0xc Src/syscalls.o
 .group         0x0000000000000000        0xc Src/syscalls.o
 .group         0x0000000000000000        0xc Src/syscalls.o
 .group         0x0000000000000000        0xc Src/syscalls.o
 .group         0x0000000000000000        0xc Src/syscalls.o
 .group         0x0000000000000000        0xc Src/syscalls.o
 .group         0x0000000000000000        0xc Src/syscalls.o
 .group         0x0000000000000000        0xc Src/syscalls.o
 .group         0x0000000000000000        0xc Src/syscalls.o
 .group         0x0000000000000000        0xc Src/syscalls.o
 .group         0x0000000000000000        0xc Src/syscalls.o
 .group         0x0000000000000000        0xc Src/syscalls.o
 .group         0x0000000000000000        0xc Src/syscalls.o
 .group         0x0000000000000000        0xc Src/syscalls.o
 .group         0x0000000000000000        0xc Src/syscalls.o
 .group         0x0000000000000000        0xc Src/syscalls.o
 .group         0x0000000000000000        0xc Src/syscalls.o
 .group         0x0000000000000000        0xc Src/syscalls.o
 .group         0x0000000000000000        0xc Src/syscalls.o
 .group         0x0000000000000000        0xc Src/syscalls.o
 .group         0x0000000000000000        0xc Src/syscalls.o
 .group         0x0000000000000000        0xc Src/syscalls.o
 .group         0x0000000000000000        0xc Src/syscalls.o
 .group         0x0000000000000000        0xc Src/syscalls.o
 .group         0x0000000000000000        0xc Src/syscalls.o
 .group         0x0000000000000000        0xc Src/syscalls.o
 .group         0x0000000000000000        0xc Src/syscalls.o
 .group         0x0000000000000000        0xc Src/syscalls.o
 .text          0x0000000000000000        0x0 Src/syscalls.o
 .data          0x0000000000000000        0x0 Src/syscalls.o
 .bss           0x0000000000000000        0x0 Src/syscalls.o
 .bss.__env     0x0000000000000000        0x4 Src/syscalls.o
 .data.environ  0x0000000000000000        0x4 Src/syscalls.o
 .text.initialise_monitor_handles
                0x0000000000000000        0xc Src/syscalls.o
 .text._getpid  0x0000000000000000        0xe Src/syscalls.o
 .text._kill    0x0000000000000000       0x20 Src/syscalls.o
 .text._exit    0x0000000000000000       0x14 Src/syscalls.o
 .text._read    0x0000000000000000       0x3a Src/syscalls.o
 .text._write   0x0000000000000000       0x38 Src/syscalls.o
 .text._close   0x0000000000000000       0x16 Src/syscalls.o
 .text._fstat   0x0000000000000000       0x1e Src/syscalls.o
 .text._isatty  0x0000000000000000       0x14 Src/syscalls.o
 .text._lseek   0x0000000000000000       0x18 Src/syscalls.o
 .text._open    0x0000000000000000       0x1a Src/syscalls.o
 .text._wait    0x0000000000000000       0x1e Src/syscalls.o
 .text._unlink  0x0000000000000000       0x1e Src/syscalls.o
 .text._times   0x0000000000000000       0x16 Src/syscalls.o
 .text._stat    0x0000000000000000       0x1e Src/syscalls.o
 .text._link    0x0000000000000000       0x20 Src/syscalls.o
 .text._fork    0x0000000000000000       0x16 Src/syscalls.o
 .text._execve  0x0000000000000000       0x22 Src/syscalls.o
 .debug_info    0x0000000000000000     0x1038 Src/syscalls.o
 .debug_abbrev  0x0000000000000000      0x254 Src/syscalls.o
 .debug_loc     0x0000000000000000      0x5b8 Src/syscalls.o
 .debug_aranges
                0x0000000000000000       0xa8 Src/syscalls.o
 .debug_ranges  0x0000000000000000       0x98 Src/syscalls.o
 .debug_macro   0x0000000000000000      0x243 Src/syscalls.o
 .debug_macro   0x0000000000000000      0xa60 Src/syscalls.o
 .debug_macro   0x0000000000000000       0x22 Src/syscalls.o
 .debug_macro   0x0000000000000000       0x40 Src/syscalls.o
 .debug_macro   0x0000000000000000       0x18 Src/syscalls.o
 .debug_macro   0x0000000000000000       0x94 Src/syscalls.o
 .debug_macro   0x0000000000000000       0x3c Src/syscalls.o
 .debug_macro   0x0000000000000000       0x34 Src/syscalls.o
 .debug_macro   0x0000000000000000       0x57 Src/syscalls.o
 .debug_macro   0x0000000000000000      0x174 Src/syscalls.o
 .debug_macro   0x0000000000000000      0x330 Src/syscalls.o
 .debug_macro   0x0000000000000000       0x52 Src/syscalls.o
 .debug_macro   0x0000000000000000       0x1f Src/syscalls.o
 .debug_macro   0x0000000000000000       0x43 Src/syscalls.o
 .debug_macro   0x0000000000000000       0x20 Src/syscalls.o
 .debug_macro   0x0000000000000000      0x1a3 Src/syscalls.o
 .debug_macro   0x0000000000000000       0x10 Src/syscalls.o
 .debug_macro   0x0000000000000000       0x35 Src/syscalls.o
 .debug_macro   0x0000000000000000       0x10 Src/syscalls.o
 .debug_macro   0x0000000000000000       0x10 Src/syscalls.o
 .debug_macro   0x0000000000000000       0x10 Src/syscalls.o
 .debug_macro   0x0000000000000000       0x6a Src/syscalls.o
 .debug_macro   0x0000000000000000       0x1c Src/syscalls.o
 .debug_macro   0x0000000000000000       0x52 Src/syscalls.o
 .debug_macro   0x0000000000000000       0x40 Src/syscalls.o
 .debug_macro   0x0000000000000000       0x10 Src/syscalls.o
 .debug_macro   0x0000000000000000       0x40 Src/syscalls.o
 .debug_macro   0x0000000000000000       0xd7 Src/syscalls.o
 .debug_macro   0x0000000000000000       0x1c Src/syscalls.o
 .debug_macro   0x0000000000000000       0x3d Src/syscalls.o
 .debug_macro   0x0000000000000000       0x35 Src/syscalls.o
 .debug_macro   0x0000000000000000      0x122 Src/syscalls.o
 .debug_macro   0x0000000000000000       0x16 Src/syscalls.o
 .debug_macro   0x0000000000000000       0x16 Src/syscalls.o
 .debug_macro   0x0000000000000000       0x29 Src/syscalls.o
 .debug_macro   0x0000000000000000       0x10 Src/syscalls.o
 .debug_macro   0x0000000000000000      0x241 Src/syscalls.o
 .debug_macro   0x0000000000000000       0x1c Src/syscalls.o
 .debug_macro   0x0000000000000000       0x10 Src/syscalls.o
 .debug_macro   0x0000000000000000       0x10 Src/syscalls.o
 .debug_macro   0x0000000000000000       0x16 Src/syscalls.o
 .debug_macro   0x0000000000000000      0x145 Src/syscalls.o
 .debug_macro   0x0000000000000000      0x189 Src/syscalls.o
 .debug_macro   0x0000000000000000       0x16 Src/syscalls.o
 .debug_macro   0x0000000000000000       0x88 Src/syscalls.o
 .debug_line    0x0000000000000000      0x739 Src/syscalls.o
 .debug_str     0x0000000000000000     0x8883 Src/syscalls.o
 .comment       0x0000000000000000       0x7c Src/syscalls.o
 .debug_frame   0x0000000000000000      0x2ac Src/syscalls.o
 .ARM.attributes
                0x0000000000000000       0x33 Src/syscalls.o
 .group         0x0000000000000000        0xc Src/sysmem.o
 .group         0x0000000000000000        0xc Src/sysmem.o
 .group         0x0000000000000000        0xc Src/sysmem.o
 .group         0x0000000000000000        0xc Src/sysmem.o
 .group         0x0000000000000000        0xc Src/sysmem.o
 .group         0x0000000000000000        0xc Src/sysmem.o
 .group         0x0000000000000000        0xc Src/sysmem.o
 .group         0x0000000000000000        0xc Src/sysmem.o
 .group         0x0000000000000000        0xc Src/sysmem.o
 .group         0x0000000000000000        0xc Src/sysmem.o
 .group         0x0000000000000000        0xc Src/sysmem.o
 .group         0x0000000000000000        0xc Src/sysmem.o
 .group         0x0000000000000000        0xc Src/sysmem.o
 .group         0x0000000000000000        0xc Src/sysmem.o
 .group         0x0000000000000000        0xc Src/sysmem.o
 .group         0x0000000000000000        0xc Src/sysmem.o
 .group         0x0000000000000000        0xc Src/sysmem.o
 .group         0x0000000000000000        0xc Src/sysmem.o
 .group         0x0000000000000000        0xc Src/sysmem.o
 .text          0x0000000000000000        0x0 Src/sysmem.o
 .data          0x0000000000000000        0x0 Src/sysmem.o
 .bss           0x0000000000000000        0x0 Src/sysmem.o
 .bss.__sbrk_heap_end
                0x0000000000000000        0x4 Src/sysmem.o
 .text._sbrk    0x0000000000000000       0x6c Src/sysmem.o
 .debug_info    0x0000000000000000      0xa7c Src/sysmem.o
 .debug_abbrev  0x0000000000000000      0x18e Src/sysmem.o
 .debug_loc     0x0000000000000000       0x50 Src/sysmem.o
 .debug_aranges
                0x0000000000000000       0x20 Src/sysmem.o
 .debug_ranges  0x0000000000000000       0x10 Src/sysmem.o
 .debug_macro   0x0000000000000000       0xee Src/sysmem.o
 .debug_macro   0x0000000000000000      0xa60 Src/sysmem.o
 .debug_macro   0x0000000000000000       0x10 Src/sysmem.o
 .debug_macro   0x0000000000000000       0x22 Src/sysmem.o
 .debug_macro   0x0000000000000000       0x40 Src/sysmem.o
 .debug_macro   0x0000000000000000       0x18 Src/sysmem.o
 .debug_macro   0x0000000000000000       0x94 Src/sysmem.o
 .debug_macro   0x0000000000000000       0x3c Src/sysmem.o
 .debug_macro   0x0000000000000000       0x34 Src/sysmem.o
 .debug_macro   0x0000000000000000      0x174 Src/sysmem.o
 .debug_macro   0x0000000000000000       0x57 Src/sysmem.o
 .debug_macro   0x0000000000000000       0x52 Src/sysmem.o
 .debug_macro   0x0000000000000000       0x1f Src/sysmem.o
 .debug_macro   0x0000000000000000       0x43 Src/sysmem.o
 .debug_macro   0x0000000000000000       0x20 Src/sysmem.o
 .debug_macro   0x0000000000000000      0x1a3 Src/sysmem.o
 .debug_macro   0x0000000000000000      0x23b Src/sysmem.o
 .debug_macro   0x0000000000000000       0xef Src/sysmem.o
 .debug_macro   0x0000000000000000       0x6a Src/sysmem.o
 .debug_macro   0x0000000000000000      0x1df Src/sysmem.o
 .debug_line    0x0000000000000000      0x4c2 Src/sysmem.o
 .debug_str     0x0000000000000000     0x5f51 Src/sysmem.o
 .comment       0x0000000000000000       0x7c Src/sysmem.o
 .debug_frame   0x0000000000000000       0x34 Src/sysmem.o
 .ARM.attributes
                0x0000000000000000       0x33 Src/sysmem.o
 .text          0x0000000000000000       0x14 Startup/startup_stm32f103c6tx.o
 .data          0x0000000000000000        0x0 Startup/startup_stm32f103c6tx.o
 .bss           0x0000000000000000        0x0 Startup/startup_stm32f103c6tx.o
 .text          0x0000000000000000        0x0 c:/st/stm32cubeide_1.4.0/stm32cubeide/plugins/com.st.stm32cube.ide.mcu.externaltools.gnu-tools-for-stm32.7-2018-q2-update.win32_1.4.0.202007081208/tools/bin/../lib/gcc/arm-none-eabi/7.3.1/../../../../arm-none-eabi/lib/thumb/v7-m\libc_nano.a(lib_a-errno.o)
 .data          0x0000000000000000        0x0 c:/st/stm32cubeide_1.4.0/stm32cubeide/plugins/com.st.stm32cube.ide.mcu.externaltools.gnu-tools-for-stm32.7-2018-q2-update.win32_1.4.0.202007081208/tools/bin/../lib/gcc/arm-none-eabi/7.3.1/../../../../arm-none-eabi/lib/thumb/v7-m\libc_nano.a(lib_a-errno.o)
 .bss           0x0000000000000000        0x0 c:/st/stm32cubeide_1.4.0/stm32cubeide/plugins/com.st.stm32cube.ide.mcu.externaltools.gnu-tools-for-stm32.7-2018-q2-update.win32_1.4.0.202007081208/tools/bin/../lib/gcc/arm-none-eabi/7.3.1/../../../../arm-none-eabi/lib/thumb/v7-m\libc_nano.a(lib_a-errno.o)
 .text.__errno  0x0000000000000000        0xc c:/st/stm32cubeide_1.4.0/stm32cubeide/plugins/com.st.stm32cube.ide.mcu.externaltools.gnu-tools-for-stm32.7-2018-q2-update.win32_1.4.0.202007081208/tools/bin/../lib/gcc/arm-none-eabi/7.3.1/../../../../arm-none-eabi/lib/thumb/v7-m\libc_nano.a(lib_a-errno.o)
 .debug_frame   0x0000000000000000       0x20 c:/st/stm32cubeide_1.4.0/stm32cubeide/plugins/com.st.stm32cube.ide.mcu.externaltools.gnu-tools-for-stm32.7-2018-q2-update.win32_1.4.0.202007081208/tools/bin/../lib/gcc/arm-none-eabi/7.3.1/../../../../arm-none-eabi/lib/thumb/v7-m\libc_nano.a(lib_a-errno.o)
 .ARM.attributes
                0x0000000000000000       0x2d c:/st/stm32cubeide_1.4.0/stm32cubeide/plugins/com.st.stm32cube.ide.mcu.externaltools.gnu-tools-for-stm32.7-2018-q2-update.win32_1.4.0.202007081208/tools/bin/../lib/gcc/arm-none-eabi/7.3.1/../../../../arm-none-eabi/lib/thumb/v7-m\libc_nano.a(lib_a-errno.o)
 .text          0x0000000000000000        0x0 c:/st/stm32cubeide_1.4.0/stm32cubeide/plugins/com.st.stm32cube.ide.mcu.externaltools.gnu-tools-for-stm32.7-2018-q2-update.win32_1.4.0.202007081208/tools/bin/../lib/gcc/arm-none-eabi/7.3.1/../../../../arm-none-eabi/lib/thumb/v7-m\libc_nano.a(lib_a-exit.o)
 .data          0x0000000000000000        0x0 c:/st/stm32cubeide_1.4.0/stm32cubeide/plugins/com.st.stm32cube.ide.mcu.externaltools.gnu-tools-for-stm32.7-2018-q2-update.win32_1.4.0.202007081208/tools/bin/../lib/gcc/arm-none-eabi/7.3.1/../../../../arm-none-eabi/lib/thumb/v7-m\libc_nano.a(lib_a-exit.o)
 .bss           0x0000000000000000        0x0 c:/st/stm32cubeide_1.4.0/stm32cubeide/plugins/com.st.stm32cube.ide.mcu.externaltools.gnu-tools-for-stm32.7-2018-q2-update.win32_1.4.0.202007081208/tools/bin/../lib/gcc/arm-none-eabi/7.3.1/../../../../arm-none-eabi/lib/thumb/v7-m\libc_nano.a(lib_a-exit.o)
 .text.exit     0x0000000000000000       0x28 c:/st/stm32cubeide_1.4.0/stm32cubeide/plugins/com.st.stm32cube.ide.mcu.externaltools.gnu-tools-for-stm32.7-2018-q2-update.win32_1.4.0.202007081208/tools/bin/../lib/gcc/arm-none-eabi/7.3.1/../../../../arm-none-eabi/lib/thumb/v7-m\libc_nano.a(lib_a-exit.o)
 .debug_frame   0x0000000000000000       0x28 c:/st/stm32cubeide_1.4.0/stm32cubeide/plugins/com.st.stm32cube.ide.mcu.externaltools.gnu-tools-for-stm32.7-2018-q2-update.win32_1.4.0.202007081208/tools/bin/../lib/gcc/arm-none-eabi/7.3.1/../../../../arm-none-eabi/lib/thumb/v7-m\libc_nano.a(lib_a-exit.o)
 .ARM.attributes
                0x0000000000000000       0x2d c:/st/stm32cubeide_1.4.0/stm32cubeide/plugins/com.st.stm32cube.ide.mcu.externaltools.gnu-tools-for-stm32.7-2018-q2-update.win32_1.4.0.202007081208/tools/bin/../lib/gcc/arm-none-eabi/7.3.1/../../../../arm-none-eabi/lib/thumb/v7-m\libc_nano.a(lib_a-exit.o)
 .text          0x0000000000000000        0x0 c:/st/stm32cubeide_1.4.0/stm32cubeide/plugins/com.st.stm32cube.ide.mcu.externaltools.gnu-tools-for-stm32.7-2018-q2-update.win32_1.4.0.202007081208/tools/bin/../lib/gcc/arm-none-eabi/7.3.1/../../../../arm-none-eabi/lib/thumb/v7-m\libc_nano.a(lib_a-impure.o)
 .data          0x0000000000000000        0x0 c:/st/stm32cubeide_1.4.0/stm32cubeide/plugins/com.st.stm32cube.ide.mcu.externaltools.gnu-tools-for-stm32.7-2018-q2-update.win32_1.4.0.202007081208/tools/bin/../lib/gcc/arm-none-eabi/7.3.1/../../../../arm-none-eabi/lib/thumb/v7-m\libc_nano.a(lib_a-impure.o)
 .bss           0x0000000000000000        0x0 c:/st/stm32cubeide_1.4.0/stm32cubeide/plugins/com.st.stm32cube.ide.mcu.externaltools.gnu-tools-for-stm32.7-2018-q2-update.win32_1.4.0.202007081208/tools/bin/../lib/gcc/arm-none-eabi/7.3.1/../../../../arm-none-eabi/lib/thumb/v7-m\libc_nano.a(lib_a-impure.o)
 .data._impure_ptr
                0x0000000000000000        0x4 c:/st/stm32cubeide_1.4.0/stm32cubeide/plugins/com.st.stm32cube.ide.mcu.externaltools.gnu-tools-for-stm32.7-2018-q2-update.win32_1.4.0.202007081208/tools/bin/../lib/gcc/arm-none-eabi/7.3.1/../../../../arm-none-eabi/lib/thumb/v7-m\libc_nano.a(lib_a-impure.o)
 .data.impure_data
                0x0000000000000000       0x60 c:/st/stm32cubeide_1.4.0/stm32cubeide/plugins/com.st.stm32cube.ide.mcu.externaltools.gnu-tools-for-stm32.7-2018-q2-update.win32_1.4.0.202007081208/tools/bin/../lib/gcc/arm-none-eabi/7.3.1/../../../../arm-none-eabi/lib/thumb/v7-m\libc_nano.a(lib_a-impure.o)
 .rodata._global_impure_ptr
                0x0000000000000000        0x4 c:/st/stm32cubeide_1.4.0/stm32cubeide/plugins/com.st.stm32cube.ide.mcu.externaltools.gnu-tools-for-stm32.7-2018-q2-update.win32_1.4.0.202007081208/tools/bin/../lib/gcc/arm-none-eabi/7.3.1/../../../../arm-none-eabi/lib/thumb/v7-m\libc_nano.a(lib_a-impure.o)
 .ARM.attributes
                0x0000000000000000       0x2d c:/st/stm32cubeide_1.4.0/stm32cubeide/plugins/com.st.stm32cube.ide.mcu.externaltools.gnu-tools-for-stm32.7-2018-q2-update.win32_1.4.0.202007081208/tools/bin/../lib/gcc/arm-none-eabi/7.3.1/../../../../arm-none-eabi/lib/thumb/v7-m\libc_nano.a(lib_a-impure.o)
 .text          0x0000000000000000        0x0 c:/st/stm32cubeide_1.4.0/stm32cubeide/plugins/com.st.stm32cube.ide.mcu.externaltools.gnu-tools-for-stm32.7-2018-q2-update.win32_1.4.0.202007081208/tools/bin/../lib/gcc/arm-none-eabi/7.3.1/../../../../arm-none-eabi/lib/thumb/v7-m\libc_nano.a(lib_a-init.o)
 .data          0x0000000000000000        0x0 c:/st/stm32cubeide_1.4.0/stm32cubeide/plugins/com.st.stm32cube.ide.mcu.externaltools.gnu-tools-for-stm32.7-2018-q2-update.win32_1.4.0.202007081208/tools/bin/../lib/gcc/arm-none-eabi/7.3.1/../../../../arm-none-eabi/lib/thumb/v7-m\libc_nano.a(lib_a-init.o)
 .bss           0x0000000000000000        0x0 c:/st/stm32cubeide_1.4.0/stm32cubeide/plugins/com.st.stm32cube.ide.mcu.externaltools.gnu-tools-for-stm32.7-2018-q2-update.win32_1.4.0.202007081208/tools/bin/../lib/gcc/arm-none-eabi/7.3.1/../../../../arm-none-eabi/lib/thumb/v7-m\libc_nano.a(lib_a-init.o)
 .text          0x0000000000000000        0x0 c:/st/stm32cubeide_1.4.0/stm32cubeide/plugins/com.st.stm32cube.ide.mcu.externaltools.gnu-tools-for-stm32.7-2018-q2-update.win32_1.4.0.202007081208/tools/bin/../lib/gcc/arm-none-eabi/7.3.1/../../../../arm-none-eabi/lib/thumb/v7-m\libc_nano.a(lib_a-memset.o)
 .data          0x0000000000000000        0x0 c:/st/stm32cubeide_1.4.0/stm32cubeide/plugins/com.st.stm32cube.ide.mcu.externaltools.gnu-tools-for-stm32.7-2018-q2-update.win32_1.4.0.202007081208/tools/bin/../lib/gcc/arm-none-eabi/7.3.1/../../../../arm-none-eabi/lib/thumb/v7-m\libc_nano.a(lib_a-memset.o)
 .bss           0x0000000000000000        0x0 c:/st/stm32cubeide_1.4.0/stm32cubeide/plugins/com.st.stm32cube.ide.mcu.externaltools.gnu-tools-for-stm32.7-2018-q2-update.win32_1.4.0.202007081208/tools/bin/../lib/gcc/arm-none-eabi/7.3.1/../../../../arm-none-eabi/lib/thumb/v7-m\libc_nano.a(lib_a-memset.o)
 .text.memset   0x0000000000000000       0x10 c:/st/stm32cubeide_1.4.0/stm32cubeide/plugins/com.st.stm32cube.ide.mcu.externaltools.gnu-tools-for-stm32.7-2018-q2-update.win32_1.4.0.202007081208/tools/bin/../lib/gcc/arm-none-eabi/7.3.1/../../../../arm-none-eabi/lib/thumb/v7-m\libc_nano.a(lib_a-memset.o)
 .debug_frame   0x0000000000000000       0x20 c:/st/stm32cubeide_1.4.0/stm32cubeide/plugins/com.st.stm32cube.ide.mcu.externaltools.gnu-tools-for-stm32.7-2018-q2-update.win32_1.4.0.202007081208/tools/bin/../lib/gcc/arm-none-eabi/7.3.1/../../../../arm-none-eabi/lib/thumb/v7-m\libc_nano.a(lib_a-memset.o)
 .ARM.attributes
                0x0000000000000000       0x2d c:/st/stm32cubeide_1.4.0/stm32cubeide/plugins/com.st.stm32cube.ide.mcu.externaltools.gnu-tools-for-stm32.7-2018-q2-update.win32_1.4.0.202007081208/tools/bin/../lib/gcc/arm-none-eabi/7.3.1/../../../../arm-none-eabi/lib/thumb/v7-m\libc_nano.a(lib_a-memset.o)
 .text          0x0000000000000000        0x0 c:/st/stm32cubeide_1.4.0/stm32cubeide/plugins/com.st.stm32cube.ide.mcu.externaltools.gnu-tools-for-stm32.7-2018-q2-update.win32_1.4.0.202007081208/tools/bin/../lib/gcc/arm-none-eabi/7.3.1/thumb/v7-m/crtend.o
 .data          0x0000000000000000        0x0 c:/st/stm32cubeide_1.4.0/stm32cubeide/plugins/com.st.stm32cube.ide.mcu.externaltools.gnu-tools-for-stm32.7-2018-q2-update.win32_1.4.0.202007081208/tools/bin/../lib/gcc/arm-none-eabi/7.3.1/thumb/v7-m/crtend.o
 .bss           0x0000000000000000        0x0 c:/st/stm32cubeide_1.4.0/stm32cubeide/plugins/com.st.stm32cube.ide.mcu.externaltools.gnu-tools-for-stm32.7-2018-q2-update.win32_1.4.0.202007081208/tools/bin/../lib/gcc/arm-none-eabi/7.3.1/thumb/v7-m/crtend.o
 .eh_frame      0x0000000000000000        0x4 c:/st/stm32cubeide_1.4.0/stm32cubeide/plugins/com.st.stm32cube.ide.mcu.externaltools.gnu-tools-for-stm32.7-2018-q2-update.win32_1.4.0.202007081208/tools/bin/../lib/gcc/arm-none-eabi/7.3.1/thumb/v7-m/crtend.o
 .ARM.attributes
                0x0000000000000000       0x2d c:/st/stm32cubeide_1.4.0/stm32cubeide/plugins/com.st.stm32cube.ide.mcu.externaltools.gnu-tools-for-stm32.7-2018-q2-update.win32_1.4.0.202007081208/tools/bin/../lib/gcc/arm-none-eabi/7.3.1/thumb/v7-m/crtend.o
 .text          0x0000000000000000        0x0 c:/st/stm32cubeide_1.4.0/stm32cubeide/plugins/com.st.stm32cube.ide.mcu.externaltools.gnu-tools-for-stm32.7-2018-q2-update.win32_1.4.0.202007081208/tools/bin/../lib/gcc/arm-none-eabi/7.3.1/thumb/v7-m/crtn.o
 .data          0x0000000000000000        0x0 c:/st/stm32cubeide_1.4.0/stm32cubeide/plugins/com.st.stm32cube.ide.mcu.externaltools.gnu-tools-for-stm32.7-2018-q2-update.win32_1.4.0.202007081208/tools/bin/../lib/gcc/arm-none-eabi/7.3.1/thumb/v7-m/crtn.o
 .bss           0x0000000000000000        0x0 c:/st/stm32cubeide_1.4.0/stm32cubeide/plugins/com.st.stm32cube.ide.mcu.externaltools.gnu-tools-for-stm32.7-2018-q2-update.win32_1.4.0.202007081208/tools/bin/../lib/gcc/arm-none-eabi/7.3.1/thumb/v7-m/crtn.o

Memory Configuration

Name             Origin             Length             Attributes
RAM              0x0000000020000000 0x0000000000002800 xrw
ROM              0x0000000008000000 0x0000000000008000 xr
*default*        0x0000000000000000 0xffffffffffffffff

Linker script and memory map

LOAD c:/st/stm32cubeide_1.4.0/stm32cubeide/plugins/com.st.stm32cube.ide.mcu.externaltools.gnu-tools-for-stm32.7-2018-q2-update.win32_1.4.0.202007081208/tools/bin/../lib/gcc/arm-none-eabi/7.3.1/thumb/v7-m/crti.o
LOAD c:/st/stm32cubeide_1.4.0/stm32cubeide/plugins/com.st.stm32cube.ide.mcu.externaltools.gnu-tools-for-stm32.7-2018-q2-update.win32_1.4.0.202007081208/tools/bin/../lib/gcc/arm-none-eabi/7.3.1/thumb/v7-m/crtbegin.o
LOAD c:/st/stm32cubeide_1.4.0/stm32cubeide/plugins/com.st.stm32cube.ide.mcu.externaltools.gnu-tools-for-stm32.7-2018-q2-update.win32_1.4.0.202007081208/tools/bin/../lib/gcc/arm-none-eabi/7.3.1/../../../../arm-none-eabi/lib/thumb/v7-m/crt0.o
LOAD STM32F103C6x COTS/DRIVERS/EXTI/EXTI.o
LOAD STM32F103C6x COTS/DRIVERS/GPIO/GPIO.o
LOAD STM32F103C6x COTS/DRIVERS/RCC/RCC.o
LOAD STM32F103C6x COTS/DRIVERS/UART/UART.o
LOAD Src/main.o
LOAD Src/syscalls.o
LOAD Src/sysmem.o
LOAD Startup/startup_stm32f103c6tx.o
START GROUP
LOAD c:/st/stm32cubeide_1.4.0/stm32cubeide/plugins/com.st.stm32cube.ide.mcu.externaltools.gnu-tools-for-stm32.7-2018-q2-update.win32_1.4.0.202007081208/tools/bin/../lib/gcc/arm-none-eabi/7.3.1/../../../../arm-none-eabi/lib/thumb/v7-m\libc_nano.a
LOAD c:/st/stm32cubeide_1.4.0/stm32cubeide/plugins/com.st.stm32cube.ide.mcu.externaltools.gnu-tools-for-stm32.7-2018-q2-update.win32_1.4.0.202007081208/tools/bin/../lib/gcc/arm-none-eabi/7.3.1/../../../../arm-none-eabi/lib/thumb/v7-m\libm.a
END GROUP
START GROUP
LOAD c:/st/stm32cubeide_1.4.0/stm32cubeide/plugins/com.st.stm32cube.ide.mcu.externaltools.gnu-tools-for-stm32.7-2018-q2-update.win32_1.4.0.202007081208/tools/bin/../lib/gcc/arm-none-eabi/7.3.1/thumb/v7-m\libgcc.a
LOAD c:/st/stm32cubeide_1.4.0/stm32cubeide/plugins/com.st.stm32cube.ide.mcu.externaltools.gnu-tools-for-stm32.7-2018-q2-update.win32_1.4.0.202007081208/tools/bin/../lib/gcc/arm-none-eabi/7.3.1/../../../../arm-none-eabi/lib/thumb/v7-m\libg_nano.a
LOAD c:/st/stm32cubeide_1.4.0/stm32cubeide/plugins/com.st.stm32cube.ide.mcu.externaltools.gnu-tools-for-stm32.7-2018-q2-update.win32_1.4.0.202007081208/tools/bin/../lib/gcc/arm-none-eabi/7.3.1/../../../../arm-none-eabi/lib/thumb/v7-m\libc_nano.a
END GROUP
START GROUP
LOAD c:/st/stm32cubeide_1.4.0/stm32cubeide/plugins/com.st.stm32cube.ide.mcu.externaltools.gnu-tools-for-stm32.7-2018-q2-update.win32_1.4.0.202007081208/tools/bin/../lib/gcc/arm-none-eabi/7.3.1/thumb/v7-m\libgcc.a
LOAD c:/st/stm32cubeide_1.4.0/stm32cubeide/plugins/com.st.stm32cube.ide.mcu.externaltools.gnu-tools-for-stm32.7-2018-q2-update.win32_1.4.0.202007081208/tools/bin/../lib/gcc/arm-none-eabi/7.3.1/../../../../arm-none-eabi/lib/thumb/v7-m\libc_nano.a
LOAD c:/st/stm32cubeide_1.4.0/stm32cubeide/plugins/com.st.stm32cube.ide.mcu.externaltools.gnu-tools-for-stm32.7-2018-q2-update.win32_1.4.0.202007081208/tools/bin/../lib/gcc/arm-none-eabi/7.3.1/../../../../arm-none-eabi/lib/thumb/v7-m\libnosys.a
END GROUP
START GROUP
LOAD c:/st/stm32cubeide_1.4.0/stm32cubeide/plugins/com.st.stm32cube.ide.mcu.externaltools.gnu-tools-for-stm32.7-2018-q2-update.win32_1.4.0.202007081208/tools/bin/../lib/gcc/arm-none-eabi/7.3.1/thumb/v7-m\libgcc.a
LOAD c:/st/stm32cubeide_1.4.0/stm32cubeide/plugins/com.st.stm32cube.ide.mcu.externaltools.gnu-tools-for-stm32.7-2018-q2-update.win32_1.4.0.202007081208/tools/bin/../lib/gcc/arm-none-eabi/7.3.1/../../../../arm-none-eabi/lib/thumb/v7-m\libc_nano.a
LOAD c:/st/stm32cubeide_1.4.0/stm32cubeide/plugins/com.st.stm32cube.ide.mcu.externaltools.gnu-tools-for-stm32.7-2018-q2-update.win32_1.4.0.202007081208/tools/bin/../lib/gcc/arm-none-eabi/7.3.1/../../../../arm-none-eabi/lib/thumb/v7-m\libnosys.a
END GROUP
LOAD c:/st/stm32cubeide_1.4.0/stm32cubeide/plugins/com.st.stm32cube.ide.mcu.externaltools.gnu-tools-for-stm32.7-2018-q2-update.win32_1.4.0.202007081208/tools/bin/../lib/gcc/arm-none-eabi/7.3.1/thumb/v7-m/crtend.o
LOAD c:/st/stm32cubeide_1.4.0/stm32cubeide/plugins/com.st.stm32cube.ide.mcu.externaltools.gnu-tools-for-stm32.7-2018-q2-update.win32_1.4.0.202007081208/tools/bin/../lib/gcc/arm-none-eabi/7.3.1/thumb/v7-m/crtn.o
                0x0000000020002800                _estack = (ORIGIN (RAM) + LENGTH (RAM))
                0x0000000000000200                _Min_Heap_Size = 0x200
                0x0000000000000400                _Min_Stack_Size = 0x400

.isr_vector     0x0000000008000000      0x130
                0x0000000008000000                . = ALIGN (0x4)
 *(.isr_vector)
 .isr_vector    0x0000000008000000      0x130 Startup/startup_stm32f103c6tx.o
                0x0000000008000000                g_pfnVectors
                0x0000000008000130                . = ALIGN (0x4)

.text           0x0000000008000130      0x840
                0x0000000008000130                . = ALIGN (0x4)
 *(.text)
 .text          0x0000000008000130       0x40 c:/st/stm32cubeide_1.4.0/stm32cubeide/plugins/com.st.stm32cube.ide.mcu.externaltools.gnu-tools-for-stm32.7-2018-q2-update.win32_1.4.0.202007081208/tools/bin/../lib/gcc/arm-none-eabi/7.3.1/thumb/v7-m/crtbegin.o
 *(.text*)
 .text.EXTI0_IRQHandler
                0x0000000008000170       0x24 STM32F103C6x COTS/DRIVERS/EXTI/EXTI.o
                0x0000000008000170                EXTI0_IRQHandler
 .text.EXTI1_IRQHandler
                0x0000000008000194       0x24 STM32F103C6x COTS/DRIVERS/EXTI/EXTI.o
                0x0000000008000194                EXTI1_IRQHandler
 .text.EXTI2_IRQHandler
                0x00000000080001b8       0x24 STM32F103C6x COTS/DRIVERS/EXTI/EXTI.o
                0x00000000080001b8                EXTI2_IRQHandler
 .text.EXTI3_IRQHandler
                0x00000000080001dc       0x24 STM32F103C6x COTS/DRIVERS/EXTI/EXTI.o
                0x00000000080001dc                EXTI3_IRQHandler
 .text.EXTI4_IRQHandler
                0x0000000008000200       0x24 STM32F103C6x COTS/DRIVERS/EXTI/EXTI.o
                0x0000000008000200                EXTI4_IRQHandler
 .text.MCAL_uint8_GET_PIN_LOCATION
                0x0000000008000224       0xa4 STM32F103C6x COTS/DRIVERS/GPIO/GPIO.o
                0x0000000008000224                MCAL_uint8_GET_PIN_LOCATION
 .text.MCAL_vid_GPIO_INIT
                0x00000000080002c8      0x188 STM32F103C6x COTS/DRIVERS/GPIO/GPIO.o
                0x00000000080002c8                MCAL_vid_GPIO_INIT
 .text.MCAL_RCC_GET_PCLK1
                0x0000000008000450       0x28 STM32F103C6x COTS/DRIVERS/RCC/RCC.o
                0x0000000008000450                MCAL_RCC_GET_PCLK1
 .text.MCAL_RCC_GET_PCLK2
                0x0000000008000478       0x28 STM32F103C6x COTS/DRIVERS/RCC/RCC.o
                0x0000000008000478                MCAL_RCC_GET_PCLK2
 .text.MCAL_RCC_GET_HCLK
                0x00000000080004a0       0x28 STM32F103C6x COTS/DRIVERS/RCC/RCC.o
                0x00000000080004a0                MCAL_RCC_GET_HCLK
 .text.MCAL_RCC_GET_SYS_CLK
                0x00000000080004c8       0x40 STM32F103C6x COTS/DRIVERS/RCC/RCC.o
                0x00000000080004c8                MCAL_RCC_GET_SYS_CLK
 .text.MCAL_UART_INIT
                0x0000000008000508      0x184 STM32F103C6x COTS/DRIVERS/UART/UART.o
                0x0000000008000508                MCAL_UART_INIT
 .text.MCAL_UART_SND_DATA
                0x000000000800068c       0x48 STM32F103C6x COTS/DRIVERS/UART/UART.o
                0x000000000800068c                MCAL_UART_SND_DATA
 .text.MCAL_UART_RCV_DATA
                0x00000000080006d4       0x5c STM32F103C6x COTS/DRIVERS/UART/UART.o
                0x00000000080006d4                MCAL_UART_RCV_DATA
 .text.MCAL_UART_GPIO_SET_PINS
                0x0000000008000730       0xd0 STM32F103C6x COTS/DRIVERS/UART/UART.o
                0x0000000008000730                MCAL_UART_GPIO_SET_PINS
 .text.USART1_IRQHandler
                0x0000000008000800       0x14 STM32F103C6x COTS/DRIVERS/UART/UART.o
                0x0000000008000800                USART1_IRQHandler
 .text.USART2_IRQHandler
                0x0000000008000814       0x14 STM32F103C6x COTS/DRIVERS/UART/UART.o
                0x0000000008000814                USART2_IRQHandler
 .text.USART3_IRQHandler
                0x0000000008000828       0x14 STM32F103C6x COTS/DRIVERS/UART/UART.o
                0x0000000008000828                USART3_IRQHandler
 .text.RCC_Init
                0x000000000800083c       0x28 Src/main.o
                0x000000000800083c                RCC_Init
 .text.main     0x0000000008000864       0x58 Src/main.o
                0x0000000008000864                main
 .text.Reset_Handler
                0x00000000080008bc       0x50 Startup/startup_stm32f103c6tx.o
                0x00000000080008bc                Reset_Handler
 .text.Default_Handler
                0x000000000800090c        0x2 Startup/startup_stm32f103c6tx.o
                0x000000000800090c                TIM8_TRG_COM_IRQHandler
                0x000000000800090c                TIM8_CC_IRQHandler
                0x000000000800090c                DebugMon_Handler
                0x000000000800090c                TIM1_CC_IRQHandler
                0x000000000800090c                HardFault_Handler
                0x000000000800090c                TIM6_IRQHandler
                0x000000000800090c                SysTick_Handler
                0x000000000800090c                PVD_IRQHandler
                0x000000000800090c                SDIO_IRQHandler
                0x000000000800090c                PendSV_Handler
                0x000000000800090c                NMI_Handler
                0x000000000800090c                USB_HP_CAN_TX_IRQHandler
                0x000000000800090c                I2C2_EV_IRQHandler
                0x000000000800090c                UsageFault_Handler
                0x000000000800090c                ADC1_2_IRQHandler
                0x000000000800090c                SPI1_IRQHandler
                0x000000000800090c                CAN_SCE_IRQHandler
                0x000000000800090c                TAMPER_IRQHandler
                0x000000000800090c                TIM8_UP_IRQHandler
                0x000000000800090c                DMA2_Channel2_IRQHandler
                0x000000000800090c                DMA1_Channel4_IRQHandler
                0x000000000800090c                RTC_IRQHandler
                0x000000000800090c                DMA1_Channel7_IRQHandler
                0x000000000800090c                UART5_IRQHandler
                0x000000000800090c                ADC3_IRQHandler
                0x000000000800090c                TIM4_IRQHandler
                0x000000000800090c                CAN_RX1_IRQHandler
                0x000000000800090c                DMA2_Channel1_IRQHandler
                0x000000000800090c                I2C1_EV_IRQHandler
                0x000000000800090c                DMA1_Channel6_IRQHandler
                0x000000000800090c                UART4_IRQHandler
                0x000000000800090c                TIM3_IRQHandler
                0x000000000800090c                RCC_IRQHandler
                0x000000000800090c                TIM1_TRG_COM_IRQHandler
                0x000000000800090c                DMA1_Channel1_IRQHandler
                0x000000000800090c                Default_Handler
                0x000000000800090c                EXTI15_10_IRQHandler
                0x000000000800090c                TIM7_IRQHandler
                0x000000000800090c                TIM5_IRQHandler
                0x000000000800090c                EXTI9_5_IRQHandler
                0x000000000800090c                SPI2_IRQHandler
                0x000000000800090c                USB_LP_CAN_RX0_IRQHandler
                0x000000000800090c                MemManage_Handler
                0x000000000800090c                SVC_Handler
                0x000000000800090c                DMA1_Channel5_IRQHandler
                0x000000000800090c                DMA1_Channel3_IRQHandler
                0x000000000800090c                FSMC_IRQHandler
                0x000000000800090c                TIM1_UP_IRQHandler
                0x000000000800090c                WWDG_IRQHandler
                0x000000000800090c                TIM2_IRQHandler
                0x000000000800090c                TIM1_BRK_IRQHandler
                0x000000000800090c                RTCAlarm_IRQHandler
                0x000000000800090c                DMA2_Channel4_5_IRQHandler
                0x000000000800090c                I2C2_ER_IRQHandler
                0x000000000800090c                DMA1_Channel2_IRQHandler
                0x000000000800090c                TIM8_BRK_IRQHandler
                0x000000000800090c                FLASH_IRQHandler
                0x000000000800090c                BusFault_Handler
                0x000000000800090c                SPI3_IRQHandler
                0x000000000800090c                I2C1_ER_IRQHandler
                0x000000000800090c                DMA2_Channel3_IRQHandler
 *fill*         0x000000000800090e        0x2 
 .text.__libc_init_array
                0x0000000008000910       0x48 c:/st/stm32cubeide_1.4.0/stm32cubeide/plugins/com.st.stm32cube.ide.mcu.externaltools.gnu-tools-for-stm32.7-2018-q2-update.win32_1.4.0.202007081208/tools/bin/../lib/gcc/arm-none-eabi/7.3.1/../../../../arm-none-eabi/lib/thumb/v7-m\libc_nano.a(lib_a-init.o)
                0x0000000008000910                __libc_init_array
 *(.glue_7)
 .glue_7        0x0000000008000958        0x0 linker stubs
 *(.glue_7t)
 .glue_7t       0x0000000008000958        0x0 linker stubs
 *(.eh_frame)
 .eh_frame      0x0000000008000958        0x0 c:/st/stm32cubeide_1.4.0/stm32cubeide/plugins/com.st.stm32cube.ide.mcu.externaltools.gnu-tools-for-stm32.7-2018-q2-update.win32_1.4.0.202007081208/tools/bin/../lib/gcc/arm-none-eabi/7.3.1/thumb/v7-m/crtbegin.o
 *(.init)
 .init          0x0000000008000958        0x4 c:/st/stm32cubeide_1.4.0/stm32cubeide/plugins/com.st.stm32cube.ide.mcu.externaltools.gnu-tools-for-stm32.7-2018-q2-update.win32_1.4.0.202007081208/tools/bin/../lib/gcc/arm-none-eabi/7.3.1/thumb/v7-m/crti.o
                0x0000000008000958                _init
 .init          0x000000000800095c        0x8 c:/st/stm32cubeide_1.4.0/stm32cubeide/plugins/com.st.stm32cube.ide.mcu.externaltools.gnu-tools-for-stm32.7-2018-q2-update.win32_1.4.0.202007081208/tools/bin/../lib/gcc/arm-none-eabi/7.3.1/thumb/v7-m/crtn.o
 *(.fini)
 .fini          0x0000000008000964        0x4 c:/st/stm32cubeide_1.4.0/stm32cubeide/plugins/com.st.stm32cube.ide.mcu.externaltools.gnu-tools-for-stm32.7-2018-q2-update.win32_1.4.0.202007081208/tools/bin/../lib/gcc/arm-none-eabi/7.3.1/thumb/v7-m/crti.o
                0x0000000008000964                _fini
 .fini          0x0000000008000968        0x8 c:/st/stm32cubeide_1.4.0/stm32cubeide/plugins/com.st.stm32cube.ide.mcu.externaltools.gnu-tools-for-stm32.7-2018-q2-update.win32_1.4.0.202007081208/tools/bin/../lib/gcc/arm-none-eabi/7.3.1/thumb/v7-m/crtn.o
                0x0000000008000970                . = ALIGN (0x4)
                0x0000000008000970                _etext = .

.vfp11_veneer   0x0000000008000970        0x0
 .vfp11_veneer  0x0000000008000970        0x0 linker stubs

.v4_bx          0x0000000008000970        0x0
 .v4_bx         0x0000000008000970        0x0 linker stubs

.iplt           0x0000000008000970        0x0
 .iplt          0x0000000008000970        0x0 c:/st/stm32cubeide_1.4.0/stm32cubeide/plugins/com.st.stm32cube.ide.mcu.externaltools.gnu-tools-for-stm32.7-2018-q2-update.win32_1.4.0.202007081208/tools/bin/../lib/gcc/arm-none-eabi/7.3.1/thumb/v7-m/crtbegin.o

.rel.dyn        0x0000000008000970        0x0
 .rel.iplt      0x0000000008000970        0x0 c:/st/stm32cubeide_1.4.0/stm32cubeide/plugins/com.st.stm32cube.ide.mcu.externaltools.gnu-tools-for-stm32.7-2018-q2-update.win32_1.4.0.202007081208/tools/bin/../lib/gcc/arm-none-eabi/7.3.1/thumb/v7-m/crtbegin.o

.rodata         0x0000000008000970        0x0
                0x0000000008000970                . = ALIGN (0x4)
 *(.rodata)
 *(.rodata*)
                0x0000000008000970                . = ALIGN (0x4)

.ARM.extab      0x0000000008000970        0x0
                0x0000000008000970                . = ALIGN (0x4)
 *(.ARM.extab* .gnu.linkonce.armextab.*)
                0x0000000008000970                . = ALIGN (0x4)

.ARM            0x0000000008000970        0x0
                0x0000000008000970                . = ALIGN (0x4)
                0x0000000008000970                __exidx_start = .
 *(.ARM.exidx*)
                0x0000000008000970                __exidx_end = .
                0x0000000008000970                . = ALIGN (0x4)

.preinit_array  0x0000000008000970        0x0
                0x0000000008000970                . = ALIGN (0x4)
                0x0000000008000970                PROVIDE (__preinit_array_start = .)
 *(.preinit_array*)
                0x0000000008000970                PROVIDE (__preinit_array_end = .)
                0x0000000008000970                . = ALIGN (0x4)

.init_array     0x0000000008000970        0x4
                0x0000000008000970                . = ALIGN (0x4)
                0x0000000008000970                PROVIDE (__init_array_start = .)
 *(SORT_BY_NAME(.init_array.*))
 *(.init_array*)
 .init_array    0x0000000008000970        0x4 c:/st/stm32cubeide_1.4.0/stm32cubeide/plugins/com.st.stm32cube.ide.mcu.externaltools.gnu-tools-for-stm32.7-2018-q2-update.win32_1.4.0.202007081208/tools/bin/../lib/gcc/arm-none-eabi/7.3.1/thumb/v7-m/crtbegin.o
                0x0000000008000974                PROVIDE (__init_array_end = .)
                0x0000000008000974                . = ALIGN (0x4)

.fini_array     0x0000000008000974        0x4
                0x0000000008000974                . = ALIGN (0x4)
                [!provide]                        PROVIDE (__fini_array_start = .)
 *(SORT_BY_NAME(.fini_array.*))
 *(.fini_array*)
 .fini_array    0x0000000008000974        0x4 c:/st/stm32cubeide_1.4.0/stm32cubeide/plugins/com.st.stm32cube.ide.mcu.externaltools.gnu-tools-for-stm32.7-2018-q2-update.win32_1.4.0.202007081208/tools/bin/../lib/gcc/arm-none-eabi/7.3.1/thumb/v7-m/crtbegin.o
                [!provide]                        PROVIDE (__fini_array_end = .)
                0x0000000008000978                . = ALIGN (0x4)
                0x0000000008000978                _sidata = LOADADDR (.data)

.data           0x0000000020000000       0x1c load address 0x0000000008000978
                0x0000000020000000                . = ALIGN (0x4)
                0x0000000020000000                _sdata = .
 *(.data)
 *(.data*)
 .data.APB_PRESCALER
                0x0000000020000000        0x8 STM32F103C6x COTS/DRIVERS/RCC/RCC.o
                0x0000000020000000                APB_PRESCALER
 .data.AHB_PRESCALER
                0x0000000020000008       0x11 STM32F103C6x COTS/DRIVERS/RCC/RCC.o
                0x0000000020000008                AHB_PRESCALER
                0x000000002000001c                . = ALIGN (0x4)
 *fill*         0x0000000020000019        0x3 
                0x000000002000001c                _edata = .

.igot.plt       0x000000002000001c        0x0 load address 0x0000000008000994
 .igot.plt      0x000000002000001c        0x0 c:/st/stm32cubeide_1.4.0/stm32cubeide/plugins/com.st.stm32cube.ide.mcu.externaltools.gnu-tools-for-stm32.7-2018-q2-update.win32_1.4.0.202007081208/tools/bin/../lib/gcc/arm-none-eabi/7.3.1/thumb/v7-m/crtbegin.o
                0x000000002000001c                . = ALIGN (0x4)

.bss            0x000000002000001c       0x60 load address 0x0000000008000994
                0x000000002000001c                _sbss = .
                0x000000002000001c                __bss_start__ = _sbss
 *(.bss)
 .bss           0x000000002000001c       0x1c c:/st/stm32cubeide_1.4.0/stm32cubeide/plugins/com.st.stm32cube.ide.mcu.externaltools.gnu-tools-for-stm32.7-2018-q2-update.win32_1.4.0.202007081208/tools/bin/../lib/gcc/arm-none-eabi/7.3.1/thumb/v7-m/crtbegin.o
 *(.bss*)
 *(COMMON)
 COMMON         0x0000000020000038       0x3c STM32F103C6x COTS/DRIVERS/EXTI/EXTI.o
                0x0000000020000038                gp_EXTI_IRQ_CALLBACK
 COMMON         0x0000000020000074        0x4 STM32F103C6x COTS/DRIVERS/UART/UART.o
                0x0000000020000074                Global_USARTx_Config
 COMMON         0x0000000020000078        0x1 Src/main.o
                0x0000000020000078                payload
                0x000000002000007c                . = ALIGN (0x4)
 *fill*         0x0000000020000079        0x3 
                0x000000002000007c                _ebss = .
                0x000000002000007c                __bss_end__ = _ebss

._user_heap_stack
                0x000000002000007c      0x604 load address 0x0000000008000994
                0x0000000020000080                . = ALIGN (0x8)
 *fill*         0x000000002000007c        0x4 
                [!provide]                        PROVIDE (end = .)
                0x0000000020000080                PROVIDE (_end = .)
                0x0000000020000280                . = (. + _Min_Heap_Size)
 *fill*         0x0000000020000080      0x200 
                0x0000000020000680                . = (. + _Min_Stack_Size)
 *fill*         0x0000000020000280      0x400 
                0x0000000020000680                . = ALIGN (0x8)

/DISCARD/
 libc.a(*)
 libm.a(*)
 libgcc.a(*)

.ARM.attributes
                0x0000000000000000       0x29
 *(.ARM.attributes)
 .ARM.attributes
                0x0000000000000000       0x1d c:/st/stm32cubeide_1.4.0/stm32cubeide/plugins/com.st.stm32cube.ide.mcu.externaltools.gnu-tools-for-stm32.7-2018-q2-update.win32_1.4.0.202007081208/tools/bin/../lib/gcc/arm-none-eabi/7.3.1/thumb/v7-m/crti.o
 .ARM.attributes
                0x000000000000001d       0x2d c:/st/stm32cubeide_1.4.0/stm32cubeide/plugins/com.st.stm32cube.ide.mcu.externaltools.gnu-tools-for-stm32.7-2018-q2-update.win32_1.4.0.202007081208/tools/bin/../lib/gcc/arm-none-eabi/7.3.1/thumb/v7-m/crtbegin.o
 .ARM.attributes
                0x000000000000004a       0x33 STM32F103C6x COTS/DRIVERS/EXTI/EXTI.o
 .ARM.attributes
                0x000000000000007d       0x33 STM32F103C6x COTS/DRIVERS/GPIO/GPIO.o
 .ARM.attributes
                0x00000000000000b0       0x33 STM32F103C6x COTS/DRIVERS/RCC/RCC.o
 .ARM.attributes
                0x00000000000000e3       0x33 STM32F103C6x COTS/DRIVERS/UART/UART.o
 .ARM.attributes
                0x0000000000000116       0x33 Src/main.o
 .ARM.attributes
                0x0000000000000149       0x21 Startup/startup_stm32f103c6tx.o
 .ARM.attributes
                0x000000000000016a       0x2d c:/st/stm32cubeide_1.4.0/stm32cubeide/plugins/com.st.stm32cube.ide.mcu.externaltools.gnu-tools-for-stm32.7-2018-q2-update.win32_1.4.0.202007081208/tools/bin/../lib/gcc/arm-none-eabi/7.3.1/../../../../arm-none-eabi/lib/thumb/v7-m\libc_nano.a(lib_a-init.o)
 .ARM.attributes
                0x0000000000000197       0x1d c:/st/stm32cubeide_1.4.0/stm32cubeide/plugins/com.st.stm32cube.ide.mcu.externaltools.gnu-tools-for-stm32.7-2018-q2-update.win32_1.4.0.202007081208/tools/bin/../lib/gcc/arm-none-eabi/7.3.1/thumb/v7-m/crtn.o
OUTPUT(STM32F103C6_COTS.elf elf32-littlearm)

.debug_info     0x0000000000000000     0x1cb1
 .debug_info    0x0000000000000000      0x507 STM32F103C6x COTS/DRIVERS/EXTI/EXTI.o
 .debug_info    0x0000000000000507      0x425 STM32F103C6x COTS/DRIVERS/GPIO/GPIO.o
 .debug_info    0x000000000000092c      0x25a STM32F103C6x COTS/DRIVERS/RCC/RCC.o
 .debug_info    0x0000000000000b86      0x555 STM32F103C6x COTS/DRIVERS/UART/UART.o
 .debug_info    0x00000000000010db      0xbb4 Src/main.o
 .debug_info    0x0000000000001c8f       0x22 Startup/startup_stm32f103c6tx.o

.debug_abbrev   0x0000000000000000      0x658
 .debug_abbrev  0x0000000000000000      0x139 STM32F103C6x COTS/DRIVERS/EXTI/EXTI.o
 .debug_abbrev  0x0000000000000139      0x11a STM32F103C6x COTS/DRIVERS/GPIO/GPIO.o
 .debug_abbrev  0x0000000000000253      0x106 STM32F103C6x COTS/DRIVERS/RCC/RCC.o
 .debug_abbrev  0x0000000000000359      0x12b STM32F103C6x COTS/DRIVERS/UART/UART.o
 .debug_abbrev  0x0000000000000484      0x1c2 Src/main.o
 .debug_abbrev  0x0000000000000646       0x12 Startup/startup_stm32f103c6tx.o

.debug_loc      0x0000000000000000      0xa28
 .debug_loc     0x0000000000000000      0x320 STM32F103C6x COTS/DRIVERS/EXTI/EXTI.o
 .debug_loc     0x0000000000000320      0x278 STM32F103C6x COTS/DRIVERS/GPIO/GPIO.o
 .debug_loc     0x0000000000000598      0x180 STM32F103C6x COTS/DRIVERS/RCC/RCC.o
 .debug_loc     0x0000000000000718      0x294 STM32F103C6x COTS/DRIVERS/UART/UART.o
 .debug_loc     0x00000000000009ac       0x7c Src/main.o

.debug_aranges  0x0000000000000000      0x1c8
 .debug_aranges
                0x0000000000000000       0x80 STM32F103C6x COTS/DRIVERS/EXTI/EXTI.o
 .debug_aranges
                0x0000000000000080       0x50 STM32F103C6x COTS/DRIVERS/GPIO/GPIO.o
 .debug_aranges
                0x00000000000000d0       0x48 STM32F103C6x COTS/DRIVERS/RCC/RCC.o
 .debug_aranges
                0x0000000000000118       0x60 STM32F103C6x COTS/DRIVERS/UART/UART.o
 .debug_aranges
                0x0000000000000178       0x28 Src/main.o
 .debug_aranges
                0x00000000000001a0       0x28 Startup/startup_stm32f103c6tx.o

.debug_ranges   0x0000000000000000      0x188
 .debug_ranges  0x0000000000000000       0x70 STM32F103C6x COTS/DRIVERS/EXTI/EXTI.o
 .debug_ranges  0x0000000000000070       0x58 STM32F103C6x COTS/DRIVERS/GPIO/GPIO.o
 .debug_ranges  0x00000000000000c8       0x38 STM32F103C6x COTS/DRIVERS/RCC/RCC.o
 .debug_ranges  0x0000000000000100       0x50 STM32F103C6x COTS/DRIVERS/UART/UART.o
 .debug_ranges  0x0000000000000150       0x18 Src/main.o
 .debug_ranges  0x0000000000000168       0x20 Startup/startup_stm32f103c6tx.o

.debug_macro    0x0000000000000000     0x22f4
 .debug_macro   0x0000000000000000       0x9d STM32F103C6x COTS/DRIVERS/EXTI/EXTI.o
 .debug_macro   0x000000000000009d      0xa60 STM32F103C6x COTS/DRIVERS/EXTI/EXTI.o
 .debug_macro   0x0000000000000afd       0x22 STM32F103C6x COTS/DRIVERS/EXTI/EXTI.o
 .debug_macro   0x0000000000000b1f       0x8e STM32F103C6x COTS/DRIVERS/EXTI/EXTI.o
 .debug_macro   0x0000000000000bad       0x51 STM32F103C6x COTS/DRIVERS/EXTI/EXTI.o
 .debug_macro   0x0000000000000bfe       0xef STM32F103C6x COTS/DRIVERS/EXTI/EXTI.o
 .debug_macro   0x0000000000000ced       0x6a STM32F103C6x COTS/DRIVERS/EXTI/EXTI.o
 .debug_macro   0x0000000000000d57      0x1df STM32F103C6x COTS/DRIVERS/EXTI/EXTI.o
 .debug_macro   0x0000000000000f36       0x22 STM32F103C6x COTS/DRIVERS/EXTI/EXTI.o
 .debug_macro   0x0000000000000f58      0x208 STM32F103C6x COTS/DRIVERS/EXTI/EXTI.o
 .debug_macro   0x0000000000001160       0xac STM32F103C6x COTS/DRIVERS/EXTI/EXTI.o
 .debug_macro   0x000000000000120c      0x242 STM32F103C6x COTS/DRIVERS/EXTI/EXTI.o
 .debug_macro   0x000000000000144e       0x8a STM32F103C6x COTS/DRIVERS/GPIO/GPIO.o
 .debug_macro   0x00000000000014d8      0x208 STM32F103C6x COTS/DRIVERS/GPIO/GPIO.o
 .debug_macro   0x00000000000016e0       0x84 STM32F103C6x COTS/DRIVERS/RCC/RCC.o
 .debug_macro   0x0000000000001764       0x28 STM32F103C6x COTS/DRIVERS/RCC/RCC.o
 .debug_macro   0x000000000000178c       0xa0 STM32F103C6x COTS/DRIVERS/UART/UART.o
 .debug_macro   0x000000000000182c       0xe8 STM32F103C6x COTS/DRIVERS/UART/UART.o
 .debug_macro   0x0000000000001914      0x17b Src/main.o
 .debug_macro   0x0000000000001a8f       0x18 Src/main.o
 .debug_macro   0x0000000000001aa7       0x46 Src/main.o
 .debug_macro   0x0000000000001aed       0x3c Src/main.o
 .debug_macro   0x0000000000001b29       0x34 Src/main.o
 .debug_macro   0x0000000000001b5d       0x16 Src/main.o
 .debug_macro   0x0000000000001b73      0x10e Src/main.o
 .debug_macro   0x0000000000001c81       0x8d Src/main.o
 .debug_macro   0x0000000000001d0e       0x52 Src/main.o
 .debug_macro   0x0000000000001d60       0x1f Src/main.o
 .debug_macro   0x0000000000001d7f       0x43 Src/main.o
 .debug_macro   0x0000000000001dc2       0x20 Src/main.o
 .debug_macro   0x0000000000001de2      0x1a3 Src/main.o
 .debug_macro   0x0000000000001f85      0x330 Src/main.o
 .debug_macro   0x00000000000022b5       0x16 Src/main.o
 .debug_macro   0x00000000000022cb       0x29 Src/main.o

.debug_line     0x0000000000000000     0x1b4d
 .debug_line    0x0000000000000000      0x5e2 STM32F103C6x COTS/DRIVERS/EXTI/EXTI.o
 .debug_line    0x00000000000005e2      0x555 STM32F103C6x COTS/DRIVERS/GPIO/GPIO.o
 .debug_line    0x0000000000000b37      0x497 STM32F103C6x COTS/DRIVERS/RCC/RCC.o
 .debug_line    0x0000000000000fce      0x549 STM32F103C6x COTS/DRIVERS/UART/UART.o
 .debug_line    0x0000000000001517      0x5b2 Src/main.o
 .debug_line    0x0000000000001ac9       0x84 Startup/startup_stm32f103c6tx.o

.debug_str      0x0000000000000000     0xa2b1
 .debug_str     0x0000000000000000     0x65c5 STM32F103C6x COTS/DRIVERS/EXTI/EXTI.o
                                       0x674a (size before relaxing)
 .debug_str     0x00000000000065c5      0x13c STM32F103C6x COTS/DRIVERS/GPIO/GPIO.o
                                       0x4e99 (size before relaxing)
 .debug_str     0x0000000000006701      0x138 STM32F103C6x COTS/DRIVERS/RCC/RCC.o
                                       0x4c3e (size before relaxing)
 .debug_str     0x0000000000006839      0x7be STM32F103C6x COTS/DRIVERS/UART/UART.o
                                       0x55ef (size before relaxing)
 .debug_str     0x0000000000006ff7     0x3289 Src/main.o
                                       0x9f3d (size before relaxing)
 .debug_str     0x000000000000a280       0x31 Startup/startup_stm32f103c6tx.o
                                         0x74 (size before relaxing)

.comment        0x0000000000000000       0x7b
 .comment       0x0000000000000000       0x7b STM32F103C6x COTS/DRIVERS/EXTI/EXTI.o
                                         0x7c (size before relaxing)
 .comment       0x000000000000007b       0x7c STM32F103C6x COTS/DRIVERS/GPIO/GPIO.o
 .comment       0x000000000000007b       0x7c STM32F103C6x COTS/DRIVERS/RCC/RCC.o
 .comment       0x000000000000007b       0x7c STM32F103C6x COTS/DRIVERS/UART/UART.o
 .comment       0x000000000000007b       0x7c Src/main.o

.debug_frame    0x0000000000000000      0x578
 .debug_frame   0x0000000000000000      0x1b0 STM32F103C6x COTS/DRIVERS/EXTI/EXTI.o
 .debug_frame   0x00000000000001b0      0x128 STM32F103C6x COTS/DRIVERS/GPIO/GPIO.o
 .debug_frame   0x00000000000002d8       0xd4 STM32F103C6x COTS/DRIVERS/RCC/RCC.o
 .debug_frame   0x00000000000003ac      0x150 STM32F103C6x COTS/DRIVERS/UART/UART.o
 .debug_frame   0x00000000000004fc       0x50 Src/main.o
 .debug_frame   0x000000000000054c       0x2c c:/st/stm32cubeide_1.4.0/stm32cubeide/plugins/com.st.stm32cube.ide.mcu.externaltools.gnu-tools-for-stm32.7-2018-q2-update.win32_1.4.0.202007081208/tools/bin/../lib/gcc/arm-none-eabi/7.3.1/../../../../arm-none-eabi/lib/thumb/v7-m\libc_nano.a(lib_a-init.o)
